2025-11-22 11:13:06 +0000  Initial pipeline context: <IDEDistributionProcessingPipelineContext: 0x91973c900; archive(resolved)="<IDEArchive: 0x8f6d32140>", distributionTask(resolved)="2", distributionDestination(resolved)="1", distributionMethod(resolved)="<IDEDistributionMethodiOSAdHoc: 0x917257280>", team(resolved)="<IDEProvisioningDisambiguatableBasicTeam: 0x905f11380; teamID='2Y4DD476XP', teamName='SILVESTER SUCKEL', teamType='Individual', username='silvestersuckel@gmail.com', isFreeProvisioningTeam='0'>">
	Chain (16, self inclusive):
	<IDEDistributionProcessingPipelineContext: 0x91973c900; archive = "<IDEArchive: 0x8f6d32140>", distributionMethod="<IDEDistributionMethodiOSAdHoc: 0x917257280>", team="<IDEProvisioningDisambiguatableBasicTeam: 0x905f11380; teamID='2Y4DD476XP', teamName='SILVESTER SUCKEL', teamType='Individual', username='silvestersuckel@gmail.com', isFreeProvisioningTeam='0'>">
	<IDEDistributionProcessingPipelineContext: 0x91973cc00; archive = "<IDEArchive: 0x8f6d32140>", distributionMethod="<IDEDistributionMethodiOSAdHoc: 0x917257280>", team="<IDEProvisioningDisambiguatableBasicTeam: 0x905f11380; teamID='2Y4DD476XP', teamName='SILVESTER SUCKEL', teamType='Individual', username='silvestersuckel@gmail.com', isFreeProvisioningTeam='0'>">
	<IDEDistributionContext: 0x8d1881900; archive = "<IDEArchive: 0x8f6d32140>", distributionMethod="<IDEDistributionMethodiOSAdHoc: 0x917257280>", team="<IDEProvisioningDisambiguatableBasicTeam: 0x905f11380; teamID='2Y4DD476XP', teamName='SILVESTER SUCKEL', teamType='Individual', username='silvestersuckel@gmail.com', isFreeProvisioningTeam='0'>">
	<IDEDistributionContext: 0x908912f80; archive = "<IDEArchive: 0x8f6d32140>", distributionMethod="<IDEDistributionMethodiOSAdHoc: 0x917257280>", team="<IDEProvisioningDisambiguatableBasicTeam: 0x905f11380; teamID='2Y4DD476XP', teamName='SILVESTER SUCKEL', teamType='Individual', username='silvestersuckel@gmail.com', isFreeProvisioningTeam='0'>">
	<IDEDistributionContext: 0x8d18a4280; archive = "<IDEArchive: 0x8f6d32140>", distributionMethod="<IDEDistributionMethodiOSAdHoc: 0x917257280>", team="<IDEProvisioningDisambiguatableBasicTeam: 0x905f11380; teamID='2Y4DD476XP', teamName='SILVESTER SUCKEL', teamType='Individual', username='silvestersuckel@gmail.com', isFreeProvisioningTeam='0'>">
	<IDEDistributionContext: 0x8f6c66080; archive = "<IDEArchive: 0x8f6d32140>", distributionMethod="<IDEDistributionMethodiOSAdHoc: 0x917257280>", team="<IDEProvisioningDisambiguatableBasicTeam: 0x905f11380; teamID='2Y4DD476XP', teamName='SILVESTER SUCKEL', teamType='Individual', username='silvestersuckel@gmail.com', isFreeProvisioningTeam='0'>">
	<IDEDistributionContext: 0x8f6c64c80; archive = "<IDEArchive: 0x8f6d32140>", distributionMethod="<IDEDistributionMethodiOSAdHoc: 0x917257280>", team="<IDEProvisioningDisambiguatableBasicTeam: 0x905f11380; teamID='2Y4DD476XP', teamName='SILVESTER SUCKEL', teamType='Individual', username='silvestersuckel@gmail.com', isFreeProvisioningTeam='0'>">
	<IDEDistributionContext: 0x8ce159180; archive = "<IDEArchive: 0x8f6d32140>", distributionMethod="<IDEDistributionMethodiOSAdHoc: 0x917257280>", team="<IDEProvisioningDisambiguatableBasicTeam: 0x905f11380; teamID='2Y4DD476XP', teamName='SILVESTER SUCKEL', teamType='Individual', username='silvestersuckel@gmail.com', isFreeProvisioningTeam='0'>">
	<IDEDistributionContext: 0x8ce158c80; archive = "<IDEArchive: 0x8f6d32140>", distributionMethod="<IDEDistributionMethodiOSAdHoc: 0x917257280>", team="<IDEProvisioningDisambiguatableBasicTeam: 0x905f11380; teamID='2Y4DD476XP', teamName='SILVESTER SUCKEL', teamType='Individual', username='silvestersuckel@gmail.com', isFreeProvisioningTeam='0'>">
	<IDEDistributionContext: 0x8ce15af80; archive = "<IDEArchive: 0x8f6d32140>", distributionMethod="<IDEDistributionMethodiOSAdHoc: 0x917257280>", team="(null)">
	<IDEDistributionContext: 0x8ce15ad00; archive = "<IDEArchive: 0x8f6d32140>", distributionMethod="<IDEDistributionMethodiOSAdHoc: 0x917257280>", team="(null)">
	<IDEDistributionContext: 0x8ce15bc00; archive = "<IDEArchive: 0x8f6d32140>", distributionMethod="<IDEDistributionMethodiOSAdHoc: 0x917257280>", team="(null)">
	<IDEDistributionContext: 0x8ce158280; archive = "<IDEArchive: 0x8f6d32140>", distributionMethod="<IDEDistributionMethodiOSAdHoc: 0x917257280>", team="(null)">
	<IDEDistributionContext: 0x8ce158000; archive = "<IDEArchive: 0x8f6d32140>", distributionMethod="(null)", team="(null)">
	<IDEDistributionContext: 0x8ce18cc80; archive = "<IDEArchive: 0x8f6d32140>", distributionMethod="(null)", team="(null)">
	<IDEDistributionContext: 0x8ce18ca00; archive = "<IDEArchive: 0x8f6d32140>", distributionMethod="(null)", team="(null)">
</IDEDistributionProcessingPipelineContext: 0x91973c900>
2025-11-22 11:13:06 +0000  Processing step: IDEDistributionCreateDestRootStep
2025-11-22 11:13:06 +0000  Processing step: IDEDistributionCopyItemStep
2025-11-22 11:13:06 +0000  Running /usr/bin/ditto '-V' '/Users/hemantsharma/Library/Developer/Xcode/Archives/2025-11-22/ERP 11-22-25, 3.56 PM.xcarchive/Products/Applications/ERP.app' '/var/folders/lz/njyn85tj47v3n4ykmzn1qmbm0000gp/T/XcodeDistPipeline.~~~LgVUQ9/Root/Payload/ERP.app'
2025-11-22 11:13:06 +0000  >>> Copying /Users/hemantsharma/Library/Developer/Xcode/Archives/2025-11-22/ERP 11-22-25, 3.56 PM.xcarchive/Products/Applications/ERP.app 
2025-11-22 11:13:06 +0000  copying file ./_CodeSignature/CodeResources ... 
2025-11-22 11:13:06 +0000  22037 bytes for ./_CodeSignature/CodeResources
2025-11-22 11:13:06 +0000  copying file ./Fontisto.ttf ... 
2025-11-22 11:13:06 +0000  313528 bytes for ./Fontisto.ttf
2025-11-22 11:13:06 +0000  copying file ./Octicons.ttf ... 
2025-11-22 11:13:06 +0000  49404 bytes for ./Octicons.ttf
2025-11-22 11:13:06 +0000  copying file ./Feather.ttf ... 
2025-11-22 11:13:06 +0000  56228 bytes for ./Feather.ttf
2025-11-22 11:13:06 +0000  copying file ./FontAwesome6_Regular.ttf ... 
2025-11-22 11:13:06 +0000  67976 bytes for ./FontAwesome6_Regular.ttf
2025-11-22 11:13:06 +0000  copying file ./Entypo.ttf ... 
2025-11-22 11:13:06 +0000  66200 bytes for ./Entypo.ttf
2025-11-22 11:13:06 +0000  copying file ./FontAwesome5_Brands.ttf ... 
2025-11-22 11:13:06 +0000  134040 bytes for ./FontAwesome5_Brands.ttf
2025-11-22 11:13:06 +0000  copying file ./MaterialCommunityIcons.ttf ... 
2025-11-22 11:13:06 +0000  1147844 bytes for ./MaterialCommunityIcons.ttf
2025-11-22 11:13:06 +0000  copying file ./glog_privacy.bundle/Info.plist ... 
2025-11-22 11:13:06 +0000  767 bytes for ./glog_privacy.bundle/Info.plist
2025-11-22 11:13:06 +0000  copying file ./AppIcon60x60@2x.png ... 
2025-11-22 11:13:06 +0000  4302 bytes for ./AppIcon60x60@2x.png
2025-11-22 11:13:06 +0000  copying file ./AntDesign.ttf ... 
2025-11-22 11:13:06 +0000  70344 bytes for ./AntDesign.ttf
2025-11-22 11:13:06 +0000  copying file ./Foundation.ttf ... 
2025-11-22 11:13:06 +0000  56976 bytes for ./Foundation.ttf
2025-11-22 11:13:06 +0000  copying file ./Ionicons.ttf ... 
2025-11-22 11:13:06 +0000  442604 bytes for ./Ionicons.ttf
2025-11-22 11:13:06 +0000  copying file ./FontAwesome5_Solid.ttf ... 
2025-11-22 11:13:06 +0000  202744 bytes for ./FontAwesome5_Solid.ttf
2025-11-22 11:13:06 +0000  copying file ./FontAwesome5_Regular.ttf ... 
2025-11-22 11:13:06 +0000  33736 bytes for ./FontAwesome5_Regular.ttf
2025-11-22 11:13:06 +0000  copying file ./React-cxxreact_privacy.bundle/PrivacyInfo.xcprivacy ... 
2025-11-22 11:13:06 +0000  552 bytes for ./React-cxxreact_privacy.bundle/PrivacyInfo.xcprivacy
2025-11-22 11:13:06 +0000  copying file ./React-cxxreact_privacy.bundle/Info.plist ... 
2025-11-22 11:13:06 +0000  790 bytes for ./React-cxxreact_privacy.bundle/Info.plist
2025-11-22 11:13:06 +0000  copying file ./FontAwesome.ttf ... 
2025-11-22 11:13:06 +0000  165548 bytes for ./FontAwesome.ttf
2025-11-22 11:13:06 +0000  copying file ./Zocial.ttf ... 
2025-11-22 11:13:06 +0000  25788 bytes for ./Zocial.ttf
2025-11-22 11:13:06 +0000  copying file ./RCT-Folly_privacy.bundle/Info.plist ... 
2025-11-22 11:13:06 +0000  784 bytes for ./RCT-Folly_privacy.bundle/Info.plist
2025-11-22 11:13:06 +0000  copying file ./Assets.car ... 
2025-11-22 11:13:06 +0000  57343 bytes for ./Assets.car
2025-11-22 11:13:06 +0000  copying file ./EvilIcons.ttf ... 
2025-11-22 11:13:06 +0000  13456 bytes for ./EvilIcons.ttf
2025-11-22 11:13:06 +0000  copying file ./main.jsbundle ... 
2025-11-22 11:13:06 +0000  6880086 bytes for ./main.jsbundle
2025-11-22 11:13:06 +0000  copying file ./FontAwesome6_Solid.ttf ... 
2025-11-22 11:13:06 +0000  423676 bytes for ./FontAwesome6_Solid.ttf
2025-11-22 11:13:06 +0000  copying file ./PrivacyInfo.xcprivacy ... 
2025-11-22 11:13:06 +0000  408 bytes for ./PrivacyInfo.xcprivacy
2025-11-22 11:13:06 +0000  copying file ./LaunchScreen.storyboardc/01J-lp-oVM-view-Ze5-6b-2t3.nib ... 
2025-11-22 11:13:06 +0000  3932 bytes for ./LaunchScreen.storyboardc/01J-lp-oVM-view-Ze5-6b-2t3.nib
2025-11-22 11:13:06 +0000  copying file ./LaunchScreen.storyboardc/UIViewController-01J-lp-oVM.nib ... 
2025-11-22 11:13:06 +0000  924 bytes for ./LaunchScreen.storyboardc/UIViewController-01J-lp-oVM.nib
2025-11-22 11:13:06 +0000  copying file ./LaunchScreen.storyboardc/Info.plist ... 
2025-11-22 11:13:06 +0000  258 bytes for ./LaunchScreen.storyboardc/Info.plist
2025-11-22 11:13:06 +0000  copying file ./RNSVGFilters.bundle/RNSVGArithmeticFilter.iphoneos.metallib ... 
2025-11-22 11:13:06 +0000  3993 bytes for ./RNSVGFilters.bundle/RNSVGArithmeticFilter.iphoneos.metallib
2025-11-22 11:13:06 +0000  copying file ./RNSVGFilters.bundle/RNSVGCompositeXor.iphoneos.metallib ... 
2025-11-22 11:13:06 +0000  3509 bytes for ./RNSVGFilters.bundle/RNSVGCompositeXor.iphoneos.metallib
2025-11-22 11:13:06 +0000  copying file ./RNSVGFilters.bundle/Info.plist ... 
2025-11-22 11:13:06 +0000  769 bytes for ./RNSVGFilters.bundle/Info.plist
2025-11-22 11:13:06 +0000  copying file ./boost_privacy.bundle/Info.plist ... 
2025-11-22 11:13:06 +0000  770 bytes for ./boost_privacy.bundle/Info.plist
2025-11-22 11:13:06 +0000  copying file ./ERP ... 
2025-11-22 11:13:06 +0000  7754416 bytes for ./ERP
2025-11-22 11:13:06 +0000  copying file ./Frameworks/hermes.framework/_CodeSignature/CodeResources ... 
2025-11-22 11:13:06 +0000  1798 bytes for ./Frameworks/hermes.framework/_CodeSignature/CodeResources
2025-11-22 11:13:06 +0000  copying file ./Frameworks/hermes.framework/hermes ... 
2025-11-22 11:13:06 +0000  4728064 bytes for ./Frameworks/hermes.framework/hermes
2025-11-22 11:13:06 +0000  copying file ./Frameworks/hermes.framework/Info.plist ... 
859 bytes for ./Frameworks/hermes.framework/Info.plist
copying file ./SimpleLineIcons.ttf ... 
2025-11-22 11:13:06 +0000  54056 bytes for ./SimpleLineIcons.ttf
2025-11-22 11:13:06 +0000  copying file ./FontAwesome6_Brands.ttf ... 
2025-11-22 11:13:06 +0000  209376 bytes for ./FontAwesome6_Brands.ttf
2025-11-22 11:13:06 +0000  copying file ./embedded.mobileprovision ... 
2025-11-22 11:13:06 +0000  16527 bytes for ./embedded.mobileprovision
2025-11-22 11:13:06 +0000  copying file ./assets/node_modules/@react-navigation/drawer/lib/module/views/assets/toggle-drawer-icon@3x.png ... 
2025-11-22 11:13:06 +0000  212 bytes for ./assets/node_modules/@react-navigation/drawer/lib/module/views/assets/toggle-drawer-icon@3x.png
2025-11-22 11:13:06 +0000  copying file ./assets/node_modules/@react-navigation/drawer/lib/module/views/assets/toggle-drawer-icon@2x.png ... 
2025-11-22 11:13:06 +0000  163 bytes for ./assets/node_modules/@react-navigation/drawer/lib/module/views/assets/toggle-drawer-icon@2x.png
2025-11-22 11:13:06 +0000  copying file ./assets/node_modules/@react-navigation/drawer/lib/module/views/assets/toggle-drawer-icon.png ... 
2025-11-22 11:13:06 +0000  108 bytes for ./assets/node_modules/@react-navigation/drawer/lib/module/views/assets/toggle-drawer-icon.png
2025-11-22 11:13:06 +0000  copying file ./assets/node_modules/@react-navigation/elements/lib/module/assets/back-icon@3x.png ... 
2025-11-22 11:13:06 +0000  761 bytes for ./assets/node_modules/@react-navigation/elements/lib/module/assets/back-icon@3x.png
2025-11-22 11:13:06 +0000  copying file ./assets/node_modules/@react-navigation/elements/lib/module/assets/back-icon@2x.png ... 
2025-11-22 11:13:06 +0000  405 bytes for ./assets/node_modules/@react-navigation/elements/lib/module/assets/back-icon@2x.png
2025-11-22 11:13:06 +0000  copying file ./assets/node_modules/@react-navigation/elements/lib/module/assets/search-icon@2x.png ... 
2025-11-22 11:13:06 +0000  589 bytes for ./assets/node_modules/@react-navigation/elements/lib/module/assets/search-icon@2x.png
2025-11-22 11:13:06 +0000  copying file ./assets/node_modules/@react-navigation/elements/lib/module/assets/clear-icon@3x.png ... 
2025-11-22 11:13:06 +0000  502 bytes for ./assets/node_modules/@react-navigation/elements/lib/module/assets/clear-icon@3x.png
2025-11-22 11:13:06 +0000  copying file ./assets/node_modules/@react-navigation/elements/lib/module/assets/back-icon.png ... 
2025-11-22 11:13:06 +0000  290 bytes for ./assets/node_modules/@react-navigation/elements/lib/module/assets/back-icon.png
2025-11-22 11:13:06 +0000  copying file ./assets/node_modules/@react-navigation/elements/lib/module/assets/clear-icon@2x.png ... 
2025-11-22 11:13:06 +0000  334 bytes for ./assets/node_modules/@react-navigation/elements/lib/module/assets/clear-icon@2x.png
2025-11-22 11:13:06 +0000  copying file ./assets/node_modules/@react-navigation/elements/lib/module/assets/search-icon@3x.png ... 
2025-11-22 11:13:06 +0000  839 bytes for ./assets/node_modules/@react-navigation/elements/lib/module/assets/search-icon@3x.png
2025-11-22 11:13:06 +0000  copying file ./assets/node_modules/@react-navigation/elements/lib/module/assets/close-icon.png ... 
2025-11-22 11:13:06 +0000  141 bytes for ./assets/node_modules/@react-navigation/elements/lib/module/assets/close-icon.png
2025-11-22 11:13:06 +0000  copying file ./assets/node_modules/@react-navigation/elements/lib/module/assets/back-icon-mask.png ... 
2025-11-22 11:13:06 +0000  653 bytes for ./assets/node_modules/@react-navigation/elements/lib/module/assets/back-icon-mask.png
2025-11-22 11:13:06 +0000  copying file ./assets/node_modules/@react-navigation/elements/lib/module/assets/close-icon@2x.png ... 
2025-11-22 11:13:06 +0000  201 bytes for ./assets/node_modules/@react-navigation/elements/lib/module/assets/close-icon@2x.png
2025-11-22 11:13:06 +0000  copying file ./assets/node_modules/@react-navigation/elements/lib/module/assets/close-icon@3x.png ... 
2025-11-22 11:13:06 +0000  266 bytes for ./assets/node_modules/@react-navigation/elements/lib/module/assets/close-icon@3x.png
2025-11-22 11:13:06 +0000  copying file ./assets/node_modules/@react-navigation/elements/lib/module/assets/clear-icon.png ... 
2025-11-22 11:13:06 +0000  220 bytes for ./assets/node_modules/@react-navigation/elements/lib/module/assets/clear-icon.png
2025-11-22 11:13:06 +0000  copying file ./assets/node_modules/@react-navigation/elements/lib/module/assets/search-icon.png ... 
2025-11-22 11:13:06 +0000  317 bytes for ./assets/node_modules/@react-navigation/elements/lib/module/assets/search-icon.png
2025-11-22 11:13:06 +0000  copying file ./assets/node_modules/react-native-calendars/src/calendar/img/previous@2x.png ... 
2025-11-22 11:13:06 +0000  458 bytes for ./assets/node_modules/react-native-calendars/src/calendar/img/previous@2x.png
2025-11-22 11:13:06 +0000  copying file ./assets/node_modules/react-native-calendars/src/calendar/img/next@2x.png ... 
2025-11-22 11:13:06 +0000  462 bytes for ./assets/node_modules/react-native-calendars/src/calendar/img/next@2x.png
2025-11-22 11:13:06 +0000  copying file ./assets/node_modules/react-native-calendars/src/img/down@3x.png ... 
2025-11-22 11:13:06 +0000  508 bytes for ./assets/node_modules/react-native-calendars/src/img/down@3x.png
2025-11-22 11:13:06 +0000  copying file ./assets/node_modules/react-native-calendars/src/img/down@2x.png ... 
2025-11-22 11:13:06 +0000  354 bytes for ./assets/node_modules/react-native-calendars/src/img/down@2x.png
2025-11-22 11:13:06 +0000  copying file ./assets/node_modules/react-native-calendars/src/img/up.png ... 
2025-11-22 11:13:06 +0000  215 bytes for ./assets/node_modules/react-native-calendars/src/img/up.png
2025-11-22 11:13:06 +0000  copying file ./assets/node_modules/react-native-calendars/src/img/down.png ... 
2025-11-22 11:13:06 +0000  208 bytes for ./assets/node_modules/react-native-calendars/src/img/down.png
2025-11-22 11:13:06 +0000  copying file ./assets/node_modules/react-native-calendars/src/img/up@2x.png ... 
2025-11-22 11:13:06 +0000  347 bytes for ./assets/node_modules/react-native-calendars/src/img/up@2x.png
2025-11-22 11:13:06 +0000  copying file ./assets/node_modules/react-native-calendars/src/img/up@3x.png ... 
2025-11-22 11:13:06 +0000  504 bytes for ./assets/node_modules/react-native-calendars/src/img/up@3x.png
2025-11-22 11:13:06 +0000  copying file ./assets/src/assets/icons/dashboard.png ... 
2025-11-22 11:13:06 +0000  767 bytes for ./assets/src/assets/icons/dashboard.png
2025-11-22 11:13:06 +0000  copying file ./assets/src/assets/icons/HRMS.png ... 
2025-11-22 11:13:06 +0000  2598 bytes for ./assets/src/assets/icons/HRMS.png
2025-11-22 11:13:06 +0000  copying file ./assets/src/assets/icons/192x192.png ... 
2025-11-22 11:13:06 +0000  5801 bytes for ./assets/src/assets/icons/192x192.png
2025-11-22 11:13:06 +0000  copying file ./assets/src/assets/icons/leads.png ... 
2025-11-22 11:13:06 +0000  2466 bytes for ./assets/src/assets/icons/leads.png
2025-11-22 11:13:06 +0000  copying file ./assets/src/assets/icons/notification.png ... 
2025-11-22 11:13:06 +0000  3534 bytes for ./assets/src/assets/icons/notification.png
2025-11-22 11:13:06 +0000  copying file ./assets/src/assets/icons/Messages.png ... 
2025-11-22 11:13:06 +0000  2820 bytes for ./assets/src/assets/icons/Messages.png
2025-11-22 11:13:06 +0000  copying file ./assets/src/assets/icons/dashicons_awards.png ... 
2025-11-22 11:13:06 +0000  3224 bytes for ./assets/src/assets/icons/dashicons_awards.png
2025-11-22 11:13:06 +0000  copying file ./Info.plist ... 
2025-11-22 11:13:06 +0000  1882 bytes for ./Info.plist
2025-11-22 11:13:06 +0000  copying file ./RNCAsyncStorage_resources.bundle/PrivacyInfo.xcprivacy ... 
2025-11-22 11:13:06 +0000  512 bytes for ./RNCAsyncStorage_resources.bundle/PrivacyInfo.xcprivacy
2025-11-22 11:13:06 +0000  copying file ./RNCAsyncStorage_resources.bundle/Info.plist ... 
2025-11-22 11:13:06 +0000  795 bytes for ./RNCAsyncStorage_resources.bundle/Info.plist
2025-11-22 11:13:06 +0000  copying file ./PkgInfo ... 
2025-11-22 11:13:06 +0000  8 bytes for ./PkgInfo
2025-11-22 11:13:06 +0000  copying file ./MaterialIcons.ttf ... 
2025-11-22 11:13:06 +0000  356840 bytes for ./MaterialIcons.ttf
2025-11-22 11:13:06 +0000  copying file ./React-Core_privacy.bundle/PrivacyInfo.xcprivacy ... 
2025-11-22 11:13:06 +0000  768 bytes for ./React-Core_privacy.bundle/PrivacyInfo.xcprivacy
2025-11-22 11:13:06 +0000  copying file ./React-Core_privacy.bundle/Info.plist ... 
2025-11-22 11:13:06 +0000  782 bytes for ./React-Core_privacy.bundle/Info.plist
2025-11-22 11:13:06 +0000  /usr/bin/ditto exited with 0
2025-11-22 11:13:06 +0000  Processing step: IDEDistributionEmbedProfileStep
2025-11-22 11:13:06 +0000  Skipping profile for item: <IDEDistributionItem: 0x8ce0da6a0; bundleID='dev.hermesengine.iphoneos', path='<DVTFilePath:0x8fed8e300:'/Users/hemantsharma/Library/Developer/Xcode/Archives/2025-11-22/ERP 11-22-25, 3.56 PM.xcarchive/Products/Applications/ERP.app/Frameworks/hermes.framework'>', codeSigningInfo='<_DVTCodeSigningInformation_Path: 0x8ce0d9bc0; isSigned='1', isAdHocSigned='0', signingCertificate='<DVTSigningCertificate: 0x9175e6280; name='Apple Development: SILVESTER SUCKEL (N785DKN2XW)', hash='4D22E647D07EA3E369ADE3684C1507DB45577526', serialNumber='5D7520FE2B69F54FC48E5E759FEB4F2', certificateKinds='(
    "1.2.840.113635.100.6.1.12",
    "1.2.840.113635.100.6.1.2"
), issueDate='2025-11-20 08:27:37 +0000''>', entitlements='(null)', teamID='2Y4DD476XP', identifier='dev.hermesengine.iphoneos', executablePath='<DVTFilePath:0x8da52f900:'/Users/hemantsharma/Library/Developer/Xcode/Archives/2025-11-22/ERP 11-22-25, 3.56 PM.xcarchive/Products/Applications/ERP.app/Frameworks/hermes.framework/hermes'>', hardenedRuntime='0'>'>
2025-11-22 11:13:06 +0000  Processing step: IDEDistributionInfoPlistStep
2025-11-22 11:13:06 +0000  Skipping step: IDEDistributionInfoPlistStep because it said so
2025-11-22 11:13:06 +0000  Skipping step: IDEDistributionInfoPlistStep because it said so
2025-11-22 11:13:06 +0000  Processing step: IDEDistributionAppThinningPlistStep
2025-11-22 11:13:06 +0000  Skipping step: IDEDistributionAppThinningPlistStep because it said so
2025-11-22 11:13:06 +0000  Processing step: IDEDistributionSymbolsStep
2025-11-22 11:13:06 +0000  Skipping step: IDEDistributionSymbolsStep because it said so
2025-11-22 11:13:06 +0000  Processing step: IDEDistributionAppThinningStep
2025-11-22 11:13:06 +0000  Skipping step: IDEDistributionAppThinningStep because it said so
2025-11-22 11:13:06 +0000  Processing step: IDEDistributionArchThinningStep
2025-11-22 11:13:06 +0000  Item /Users/hemantsharma/Library/Developer/Xcode/Archives/2025-11-22/ERP 11-22-25, 3.56 PM.xcarchive/Products/Applications/ERP.app/Frameworks/hermes.framework doesn't have the entitlement com.apple.developer.web-browser-engine.host enabled, returning ["arm64e"]
2025-11-22 11:13:06 +0000  Archs to thin for item /Users/hemantsharma/Library/Developer/Xcode/Archives/2025-11-22/ERP 11-22-25, 3.56 PM.xcarchive/Products/Applications/ERP.app/Frameworks/hermes.framework are ["arm64e"]
2025-11-22 11:13:06 +0000  Running /Applications/Xcode.app/Contents/Developer/Toolchains/XcodeDefault.xctoolchain/usr/bin/lipo '/var/folders/lz/njyn85tj47v3n4ykmzn1qmbm0000gp/T/XcodeDistPipeline.~~~LgVUQ9/Root/Payload/ERP.app/Frameworks/hermes.framework/hermes' '-verify_arch' 'arm64e'
2025-11-22 11:13:06 +0000  /Applications/Xcode.app/Contents/Developer/Toolchains/XcodeDefault.xctoolchain/usr/bin/lipo exited with 1
2025-11-22 11:13:06 +0000  Skipping architecture thinning for item "hermes" because arch "arm64e" wasn't found
2025-11-22 11:13:06 +0000  Item /Users/hemantsharma/Library/Developer/Xcode/Archives/2025-11-22/ERP 11-22-25, 3.56 PM.xcarchive/Products/Applications/ERP.app doesn't have the entitlement com.apple.developer.web-browser-engine.host enabled, returning ["arm64e"]
2025-11-22 11:13:06 +0000  Archs to thin for item /Users/hemantsharma/Library/Developer/Xcode/Archives/2025-11-22/ERP 11-22-25, 3.56 PM.xcarchive/Products/Applications/ERP.app are ["arm64e"]
2025-11-22 11:13:06 +0000  Running /Applications/Xcode.app/Contents/Developer/Toolchains/XcodeDefault.xctoolchain/usr/bin/lipo '/var/folders/lz/njyn85tj47v3n4ykmzn1qmbm0000gp/T/XcodeDistPipeline.~~~LgVUQ9/Root/Payload/ERP.app/ERP' '-verify_arch' 'arm64e'
2025-11-22 11:13:06 +0000  /Applications/Xcode.app/Contents/Developer/Toolchains/XcodeDefault.xctoolchain/usr/bin/lipo exited with 1
2025-11-22 11:13:06 +0000  Skipping architecture thinning for item "ERP" because arch "arm64e" wasn't found
2025-11-22 11:13:06 +0000  Processing step: IDEDistributionODRStep
2025-11-22 11:13:06 +0000  Processing step: IDEDistributionStripXattrsStep
2025-11-22 11:13:06 +0000  Skipping stripping extended attributes because the codesign step will strip them.
2025-11-22 11:13:06 +0000  Skipping stripping extended attributes because the codesign step will strip them.
2025-11-22 11:13:06 +0000  Processing step: IDEDistributionCodesignStep
2025-11-22 11:13:06 +0000  Entitlements for <IDEDistributionItem: 0x8ce0da6a0; bundleID='dev.hermesengine.iphoneos', path='<DVTFilePath:0x8fed8e300:'/Users/hemantsharma/Library/Developer/Xcode/Archives/2025-11-22/ERP 11-22-25, 3.56 PM.xcarchive/Products/Applications/ERP.app/Frameworks/hermes.framework'>', codeSigningInfo='<_DVTCodeSigningInformation_Path: 0x8ce0d9bc0; isSigned='1', isAdHocSigned='0', signingCertificate='<DVTSigningCertificate: 0x9175e6280; name='Apple Development: SILVESTER SUCKEL (N785DKN2XW)', hash='4D22E647D07EA3E369ADE3684C1507DB45577526', serialNumber='5D7520FE2B69F54FC48E5E759FEB4F2', certificateKinds='(
    "1.2.840.113635.100.6.1.12",
    "1.2.840.113635.100.6.1.2"
), issueDate='2025-11-20 08:27:37 +0000''>', entitlements='(null)', teamID='2Y4DD476XP', identifier='dev.hermesengine.iphoneos', executablePath='<DVTFilePath:0x8da52f900:'/Users/hemantsharma/Library/Developer/Xcode/Archives/2025-11-22/ERP 11-22-25, 3.56 PM.xcarchive/Products/Applications/ERP.app/Frameworks/hermes.framework/hermes'>', hardenedRuntime='0'>'>: {
}
2025-11-22 11:13:06 +0000  Associated App Clip Identifiers Filter: Skipping because "com.apple.developer.associated-appclip-app-identifiers" is not present
2025-11-22 11:13:06 +0000  Entitlements for <IDEDistributionItem: 0x8ce0da6a0; bundleID='dev.hermesengine.iphoneos', path='<DVTFilePath:0x8fed8e300:'/Users/hemantsharma/Library/Developer/Xcode/Archives/2025-11-22/ERP 11-22-25, 3.56 PM.xcarchive/Products/Applications/ERP.app/Frameworks/hermes.framework'>', codeSigningInfo='<_DVTCodeSigningInformation_Path: 0x8ce0d9bc0; isSigned='1', isAdHocSigned='0', signingCertificate='<DVTSigningCertificate: 0x9175e6f40; name='Apple Development: SILVESTER SUCKEL (N785DKN2XW)', hash='4D22E647D07EA3E369ADE3684C1507DB45577526', serialNumber='5D7520FE2B69F54FC48E5E759FEB4F2', certificateKinds='(
    "1.2.840.113635.100.6.1.12",
    "1.2.840.113635.100.6.1.2"
), issueDate='2025-11-20 08:27:37 +0000''>', entitlements='(null)', teamID='2Y4DD476XP', identifier='dev.hermesengine.iphoneos', executablePath='<DVTFilePath:0x8da52f900:'/Users/hemantsharma/Library/Developer/Xcode/Archives/2025-11-22/ERP 11-22-25, 3.56 PM.xcarchive/Products/Applications/ERP.app/Frameworks/hermes.framework/hermes'>', hardenedRuntime='0'>'> are: {
}
2025-11-22 11:13:06 +0000  Writing entitlements for <IDEDistributionItem: 0x8ce0da6a0; bundleID='dev.hermesengine.iphoneos', path='<DVTFilePath:0x8fed8e300:'/Users/hemantsharma/Library/Developer/Xcode/Archives/2025-11-22/ERP 11-22-25, 3.56 PM.xcarchive/Products/Applications/ERP.app/Frameworks/hermes.framework'>', codeSigningInfo='<_DVTCodeSigningInformation_Path: 0x8ce0d9bc0; isSigned='1', isAdHocSigned='0', signingCertificate='<DVTSigningCertificate: 0x9175e6f40; name='Apple Development: SILVESTER SUCKEL (N785DKN2XW)', hash='4D22E647D07EA3E369ADE3684C1507DB45577526', serialNumber='5D7520FE2B69F54FC48E5E759FEB4F2', certificateKinds='(
    "1.2.840.113635.100.6.1.12",
    "1.2.840.113635.100.6.1.2"
), issueDate='2025-11-20 08:27:37 +0000''>', entitlements='(null)', teamID='2Y4DD476XP', identifier='dev.hermesengine.iphoneos', executablePath='<DVTFilePath:0x8da52f900:'/Users/hemantsharma/Library/Developer/Xcode/Archives/2025-11-22/ERP 11-22-25, 3.56 PM.xcarchive/Products/Applications/ERP.app/Frameworks/hermes.framework/hermes'>', hardenedRuntime='0'>'> to: /var/folders/lz/njyn85tj47v3n4ykmzn1qmbm0000gp/T/XcodeDistPipeline.~~~LgVUQ9/entitlements~~~vT26nT
2025-11-22 11:13:06 +0000  invoking codesign: <NSConcreteTask: 0x9176e4b90; launchPath='/usr/bin/codesign', arguments='(
    "-f",
    "-s",
    DC1D85B4E91F4780FE5D97EDB7553D02A5637F1C,
    "--entitlements",
    "/var/folders/lz/njyn85tj47v3n4ykmzn1qmbm0000gp/T/XcodeDistPipeline.~~~LgVUQ9/entitlements~~~vT26nT",
    "--preserve-metadata=identifier,flags,runtime",
    "--generate-entitlement-der",
    "--strip-disallowed-xattrs",
    "-vvv",
    "/var/folders/lz/njyn85tj47v3n4ykmzn1qmbm0000gp/T/XcodeDistPipeline.~~~LgVUQ9/Root/Payload/ERP.app/Frameworks/hermes.framework"
)'>
2025-11-22 11:13:14 +0000  codesign output: /var/folders/lz/njyn85tj47v3n4ykmzn1qmbm0000gp/T/XcodeDistPipeline.~~~LgVUQ9/Root/Payload/ERP.app/Frameworks/hermes.framework: replacing existing signature
/var/folders/lz/njyn85tj47v3n4ykmzn1qmbm0000gp/T/XcodeDistPipeline.~~~LgVUQ9/Root/Payload/ERP.app/Frameworks/hermes.framework: signed bundle with Mach-O thin (arm64) [dev.hermesengine.iphoneos]
2025-11-22 11:13:14 +0000  Entitlements for <IDEDistributionItem: 0x8ce0dbc60; bundleID='com.iamdevesh.skavo', path='<DVTFilePath:0x8d93dfa20:'/Users/hemantsharma/Library/Developer/Xcode/Archives/2025-11-22/ERP 11-22-25, 3.56 PM.xcarchive/Products/Applications/ERP.app'>', codeSigningInfo='<_DVTCodeSigningInformation_Path: 0x8ce0db360; isSigned='1', isAdHocSigned='0', signingCertificate='<DVTSigningCertificate: 0x9176079c0; name='Apple Development: SILVESTER SUCKEL (N785DKN2XW)', hash='4D22E647D07EA3E369ADE3684C1507DB45577526', serialNumber='5D7520FE2B69F54FC48E5E759FEB4F2', certificateKinds='(
    "1.2.840.113635.100.6.1.12",
    "1.2.840.113635.100.6.1.2"
), issueDate='2025-11-20 08:27:37 +0000''>', entitlements='{
    "application-identifier" = "2Y4DD476XP.com.iamdevesh.skavo";
    "com.apple.developer.team-identifier" = 2Y4DD476XP;
    "get-task-allow" = 1;
}', teamID='2Y4DD476XP', identifier='com.iamdevesh.skavo', executablePath='<DVTFilePath:0x8d91c68e0:'/Users/hemantsharma/Library/Developer/Xcode/Archives/2025-11-22/ERP 11-22-25, 3.56 PM.xcarchive/Products/Applications/ERP.app/ERP'>', hardenedRuntime='0'>'>: {
    "application-identifier" = "2Y4DD476XP.com.iamdevesh.skavo";
    "com.apple.developer.team-identifier" = 2Y4DD476XP;
    "get-task-allow" = 0;
}
2025-11-22 11:13:14 +0000  Associated App Clip Identifiers Filter: Skipping because "com.apple.developer.associated-appclip-app-identifiers" is not present
2025-11-22 11:13:14 +0000  Entitlements for <IDEDistributionItem: 0x8ce0dbc60; bundleID='com.iamdevesh.skavo', path='<DVTFilePath:0x8d93dfa20:'/Users/hemantsharma/Library/Developer/Xcode/Archives/2025-11-22/ERP 11-22-25, 3.56 PM.xcarchive/Products/Applications/ERP.app'>', codeSigningInfo='<_DVTCodeSigningInformation_Path: 0x8ce0db360; isSigned='1', isAdHocSigned='0', signingCertificate='<DVTSigningCertificate: 0x917605800; name='Apple Development: SILVESTER SUCKEL (N785DKN2XW)', hash='4D22E647D07EA3E369ADE3684C1507DB45577526', serialNumber='5D7520FE2B69F54FC48E5E759FEB4F2', certificateKinds='(
    "1.2.840.113635.100.6.1.12",
    "1.2.840.113635.100.6.1.2"
), issueDate='2025-11-20 08:27:37 +0000''>', entitlements='{
    "application-identifier" = "2Y4DD476XP.com.iamdevesh.skavo";
    "com.apple.developer.team-identifier" = 2Y4DD476XP;
    "get-task-allow" = 1;
}', teamID='2Y4DD476XP', identifier='com.iamdevesh.skavo', executablePath='<DVTFilePath:0x8d91c68e0:'/Users/hemantsharma/Library/Developer/Xcode/Archives/2025-11-22/ERP 11-22-25, 3.56 PM.xcarchive/Products/Applications/ERP.app/ERP'>', hardenedRuntime='0'>'> are: {
    "application-identifier" = "2Y4DD476XP.com.iamdevesh.skavo";
    "com.apple.developer.team-identifier" = 2Y4DD476XP;
    "get-task-allow" = 0;
}
2025-11-22 11:13:14 +0000  Writing entitlements for <IDEDistributionItem: 0x8ce0dbc60; bundleID='com.iamdevesh.skavo', path='<DVTFilePath:0x8d93dfa20:'/Users/hemantsharma/Library/Developer/Xcode/Archives/2025-11-22/ERP 11-22-25, 3.56 PM.xcarchive/Products/Applications/ERP.app'>', codeSigningInfo='<_DVTCodeSigningInformation_Path: 0x8ce0db360; isSigned='1', isAdHocSigned='0', signingCertificate='<DVTSigningCertificate: 0x917605800; name='Apple Development: SILVESTER SUCKEL (N785DKN2XW)', hash='4D22E647D07EA3E369ADE3684C1507DB45577526', serialNumber='5D7520FE2B69F54FC48E5E759FEB4F2', certificateKinds='(
    "1.2.840.113635.100.6.1.12",
    "1.2.840.113635.100.6.1.2"
), issueDate='2025-11-20 08:27:37 +0000''>', entitlements='{
    "application-identifier" = "2Y4DD476XP.com.iamdevesh.skavo";
    "com.apple.developer.team-identifier" = 2Y4DD476XP;
    "get-task-allow" = 1;
}', teamID='2Y4DD476XP', identifier='com.iamdevesh.skavo', executablePath='<DVTFilePath:0x8d91c68e0:'/Users/hemantsharma/Library/Developer/Xcode/Archives/2025-11-22/ERP 11-22-25, 3.56 PM.xcarchive/Products/Applications/ERP.app/ERP'>', hardenedRuntime='0'>'> to: /var/folders/lz/njyn85tj47v3n4ykmzn1qmbm0000gp/T/XcodeDistPipeline.~~~LgVUQ9/entitlements~~~w7XUq8
2025-11-22 11:13:14 +0000  invoking codesign: <NSConcreteTask: 0x9177e5b80; launchPath='/usr/bin/codesign', arguments='(
    "-f",
    "-s",
    DC1D85B4E91F4780FE5D97EDB7553D02A5637F1C,
    "--entitlements",
    "/var/folders/lz/njyn85tj47v3n4ykmzn1qmbm0000gp/T/XcodeDistPipeline.~~~LgVUQ9/entitlements~~~w7XUq8",
    "--preserve-metadata=identifier,flags,runtime",
    "--generate-entitlement-der",
    "--strip-disallowed-xattrs",
    "-vvv",
    "/var/folders/lz/njyn85tj47v3n4ykmzn1qmbm0000gp/T/XcodeDistPipeline.~~~LgVUQ9/Root/Payload/ERP.app"
)'>
2025-11-22 11:13:19 +0000  codesign output: /var/folders/lz/njyn85tj47v3n4ykmzn1qmbm0000gp/T/XcodeDistPipeline.~~~LgVUQ9/Root/Payload/ERP.app: replacing existing signature
/var/folders/lz/njyn85tj47v3n4ykmzn1qmbm0000gp/T/XcodeDistPipeline.~~~LgVUQ9/Root/Payload/ERP.app: signed app bundle with Mach-O thin (arm64) [com.iamdevesh.skavo]
2025-11-22 11:13:19 +0000  Processing step: IDEDistributionZipODRItemStep
2025-11-22 11:13:19 +0000  Skipping step: IDEDistributionZipODRItemStep because it said so
2025-11-22 11:13:19 +0000  Skipping step: IDEDistributionZipODRItemStep because it said so
2025-11-22 11:13:19 +0000  Processing step: IDEDistributionCreateIPAStep
2025-11-22 11:13:19 +0000  Running /usr/bin/ditto '-V' '-c' '-k' '--norsrc' '/var/folders/lz/njyn85tj47v3n4ykmzn1qmbm0000gp/T/XcodeDistPipeline.~~~LgVUQ9/Root' '/var/folders/lz/njyn85tj47v3n4ykmzn1qmbm0000gp/T/XcodeDistPipeline.~~~LgVUQ9/Packages/ERP.ipa'
2025-11-22 11:13:19 +0000  >>> Copying /var/folders/lz/njyn85tj47v3n4ykmzn1qmbm0000gp/T/XcodeDistPipeline.~~~LgVUQ9/Root 
2025-11-22 11:13:19 +0000  copying file ./Payload/ERP.app/_CodeSignature/CodeResources ... 
2025-11-22 11:13:19 +0000  22037 bytes for ./Payload/ERP.app/_CodeSignature/CodeResources
2025-11-22 11:13:19 +0000  copying file ./Payload/ERP.app/Fontisto.ttf ... 
2025-11-22 11:13:19 +0000  313528 bytes for ./Payload/ERP.app/Fontisto.ttf
2025-11-22 11:13:19 +0000  copying file ./Payload/ERP.app/Octicons.ttf ... 
2025-11-22 11:13:19 +0000  49404 bytes for ./Payload/ERP.app/Octicons.ttf
2025-11-22 11:13:19 +0000  copying file ./Payload/ERP.app/Feather.ttf ... 
2025-11-22 11:13:19 +0000  56228 bytes for ./Payload/ERP.app/Feather.ttf
2025-11-22 11:13:19 +0000  copying file ./Payload/ERP.app/FontAwesome6_Regular.ttf ... 
2025-11-22 11:13:19 +0000  67976 bytes for ./Payload/ERP.app/FontAwesome6_Regular.ttf
2025-11-22 11:13:19 +0000  copying file ./Payload/ERP.app/Entypo.ttf ... 
2025-11-22 11:13:19 +0000  66200 bytes for ./Payload/ERP.app/Entypo.ttf
2025-11-22 11:13:19 +0000  copying file ./Payload/ERP.app/FontAwesome5_Brands.ttf ... 
2025-11-22 11:13:19 +0000  134040 bytes for ./Payload/ERP.app/FontAwesome5_Brands.ttf
2025-11-22 11:13:19 +0000  copying file ./Payload/ERP.app/MaterialCommunityIcons.ttf ... 
2025-11-22 11:13:19 +0000  1147844 bytes for ./Payload/ERP.app/MaterialCommunityIcons.ttf
2025-11-22 11:13:19 +0000  copying file ./Payload/ERP.app/glog_privacy.bundle/Info.plist ... 
2025-11-22 11:13:19 +0000  767 bytes for ./Payload/ERP.app/glog_privacy.bundle/Info.plist
2025-11-22 11:13:19 +0000  copying file ./Payload/ERP.app/AppIcon60x60@2x.png ... 
2025-11-22 11:13:19 +0000  4302 bytes for ./Payload/ERP.app/AppIcon60x60@2x.png
2025-11-22 11:13:19 +0000  copying file ./Payload/ERP.app/AntDesign.ttf ... 
2025-11-22 11:13:19 +0000  70344 bytes for ./Payload/ERP.app/AntDesign.ttf
2025-11-22 11:13:19 +0000  copying file ./Payload/ERP.app/Foundation.ttf ... 
2025-11-22 11:13:19 +0000  56976 bytes for ./Payload/ERP.app/Foundation.ttf
2025-11-22 11:13:19 +0000  copying file ./Payload/ERP.app/Ionicons.ttf ... 
2025-11-22 11:13:19 +0000  442604 bytes for ./Payload/ERP.app/Ionicons.ttf
2025-11-22 11:13:19 +0000  copying file ./Payload/ERP.app/FontAwesome5_Solid.ttf ... 
2025-11-22 11:13:19 +0000  202744 bytes for ./Payload/ERP.app/FontAwesome5_Solid.ttf
2025-11-22 11:13:19 +0000  copying file ./Payload/ERP.app/FontAwesome5_Regular.ttf ... 
2025-11-22 11:13:19 +0000  33736 bytes for ./Payload/ERP.app/FontAwesome5_Regular.ttf
2025-11-22 11:13:19 +0000  copying file ./Payload/ERP.app/React-cxxreact_privacy.bundle/PrivacyInfo.xcprivacy ... 
2025-11-22 11:13:19 +0000  552 bytes for ./Payload/ERP.app/React-cxxreact_privacy.bundle/PrivacyInfo.xcprivacy
2025-11-22 11:13:19 +0000  copying file ./Payload/ERP.app/React-cxxreact_privacy.bundle/Info.plist ... 
2025-11-22 11:13:19 +0000  790 bytes for ./Payload/ERP.app/React-cxxreact_privacy.bundle/Info.plist
2025-11-22 11:13:19 +0000  copying file ./Payload/ERP.app/FontAwesome.ttf ... 
2025-11-22 11:13:19 +0000  165548 bytes for ./Payload/ERP.app/FontAwesome.ttf
2025-11-22 11:13:19 +0000  copying file ./Payload/ERP.app/Zocial.ttf ... 
2025-11-22 11:13:19 +0000  25788 bytes for ./Payload/ERP.app/Zocial.ttf
2025-11-22 11:13:19 +0000  copying file ./Payload/ERP.app/RCT-Folly_privacy.bundle/Info.plist ... 
2025-11-22 11:13:19 +0000  784 bytes for ./Payload/ERP.app/RCT-Folly_privacy.bundle/Info.plist
2025-11-22 11:13:19 +0000  copying file ./Payload/ERP.app/Assets.car ... 
2025-11-22 11:13:19 +0000  57343 bytes for ./Payload/ERP.app/Assets.car
2025-11-22 11:13:19 +0000  copying file ./Payload/ERP.app/EvilIcons.ttf ... 
2025-11-22 11:13:19 +0000  13456 bytes for ./Payload/ERP.app/EvilIcons.ttf
2025-11-22 11:13:19 +0000  copying file ./Payload/ERP.app/main.jsbundle ... 
2025-11-22 11:13:19 +0000  6880086 bytes for ./Payload/ERP.app/main.jsbundle
2025-11-22 11:13:19 +0000  copying file ./Payload/ERP.app/FontAwesome6_Solid.ttf ... 
2025-11-22 11:13:19 +0000  423676 bytes for ./Payload/ERP.app/FontAwesome6_Solid.ttf
2025-11-22 11:13:19 +0000  copying file ./Payload/ERP.app/PrivacyInfo.xcprivacy ... 
2025-11-22 11:13:19 +0000  408 bytes for ./Payload/ERP.app/PrivacyInfo.xcprivacy
2025-11-22 11:13:19 +0000  copying file ./Payload/ERP.app/LaunchScreen.storyboardc/01J-lp-oVM-view-Ze5-6b-2t3.nib ... 
2025-11-22 11:13:19 +0000  3932 bytes for ./Payload/ERP.app/LaunchScreen.storyboardc/01J-lp-oVM-view-Ze5-6b-2t3.nib
2025-11-22 11:13:19 +0000  copying file ./Payload/ERP.app/LaunchScreen.storyboardc/UIViewController-01J-lp-oVM.nib ... 
2025-11-22 11:13:19 +0000  924 bytes for ./Payload/ERP.app/LaunchScreen.storyboardc/UIViewController-01J-lp-oVM.nib
2025-11-22 11:13:19 +0000  copying file ./Payload/ERP.app/LaunchScreen.storyboardc/Info.plist ... 
2025-11-22 11:13:19 +0000  258 bytes for ./Payload/ERP.app/LaunchScreen.storyboardc/Info.plist
2025-11-22 11:13:19 +0000  copying file ./Payload/ERP.app/RNSVGFilters.bundle/RNSVGArithmeticFilter.iphoneos.metallib ... 
2025-11-22 11:13:19 +0000  3993 bytes for ./Payload/ERP.app/RNSVGFilters.bundle/RNSVGArithmeticFilter.iphoneos.metallib
2025-11-22 11:13:19 +0000  copying file ./Payload/ERP.app/RNSVGFilters.bundle/RNSVGCompositeXor.iphoneos.metallib ... 
2025-11-22 11:13:19 +0000  3509 bytes for ./Payload/ERP.app/RNSVGFilters.bundle/RNSVGCompositeXor.iphoneos.metallib
2025-11-22 11:13:19 +0000  copying file ./Payload/ERP.app/RNSVGFilters.bundle/Info.plist ... 
2025-11-22 11:13:19 +0000  769 bytes for ./Payload/ERP.app/RNSVGFilters.bundle/Info.plist
2025-11-22 11:13:19 +0000  copying file ./Payload/ERP.app/boost_privacy.bundle/Info.plist ... 
2025-11-22 11:13:19 +0000  770 bytes for ./Payload/ERP.app/boost_privacy.bundle/Info.plist
2025-11-22 11:13:19 +0000  copying file ./Payload/ERP.app/ERP ... 
2025-11-22 11:13:19 +0000  7754416 bytes for ./Payload/ERP.app/ERP
2025-11-22 11:13:19 +0000  copying file ./Payload/ERP.app/Frameworks/hermes.framework/_CodeSignature/CodeResources ... 
1798 bytes for ./Payload/ERP.app/Frameworks/hermes.framework/_CodeSignature/CodeResources
copying file ./Payload/ERP.app/Frameworks/hermes.framework/hermes ... 
2025-11-22 11:13:19 +0000  4728064 bytes for ./Payload/ERP.app/Frameworks/hermes.framework/hermes
2025-11-22 11:13:19 +0000  copying file ./Payload/ERP.app/Frameworks/hermes.framework/Info.plist ... 
859 bytes for ./Payload/ERP.app/Frameworks/hermes.framework/Info.plist
copying file ./Payload/ERP.app/SimpleLineIcons.ttf ... 
2025-11-22 11:13:19 +0000  54056 bytes for ./Payload/ERP.app/SimpleLineIcons.ttf
2025-11-22 11:13:19 +0000  copying file ./Payload/ERP.app/FontAwesome6_Brands.ttf ... 
2025-11-22 11:13:19 +0000  209376 bytes for ./Payload/ERP.app/FontAwesome6_Brands.ttf
2025-11-22 11:13:19 +0000  copying file ./Payload/ERP.app/embedded.mobileprovision ... 
14543 bytes for ./Payload/ERP.app/embedded.mobileprovision
copying file ./Payload/ERP.app/assets/node_modules/@react-navigation/drawer/lib/module/views/assets/toggle-drawer-icon@3x.png ... 
212 bytes for ./Payload/ERP.app/assets/node_modules/@react-navigation/drawer/lib/module/views/assets/toggle-drawer-icon@3x.png
copying file ./Payload/ERP.app/assets/node_modules/@react-navigation/drawer/lib/module/views/assets/toggle-drawer-icon@2x.png ... 
163 bytes for ./Payload/ERP.app/assets/node_modules/@react-navigation/drawer/lib/module/views/assets/toggle-drawer-icon@2x.png
copying file ./Payload/ERP.app/assets/node_modules/@react-navigation/drawer/lib/module/views/assets/toggle-drawer-icon.png ... 
108 bytes for ./Payload/ERP.app/assets/node_modules/@react-navigation/drawer/lib/module/views/assets/toggle-drawer-icon.png
copying file ./Payload/ERP.app/assets/node_modules/@react-navigation/elements/lib/module/assets/back-icon@3x.png ... 
761 bytes for ./Payload/ERP.app/assets/node_modules/@react-navigation/elements/lib/module/assets/back-icon@3x.png
copying file ./Payload/ERP.app/assets/node_modules/@react-navigation/elements/lib/module/assets/back-icon@2x.png ... 
2025-11-22 11:13:19 +0000  405 bytes for ./Payload/ERP.app/assets/node_modules/@react-navigation/elements/lib/module/assets/back-icon@2x.png
copying file ./Payload/ERP.app/assets/node_modules/@react-navigation/elements/lib/module/assets/search-icon@2x.png ... 
2025-11-22 11:13:19 +0000  589 bytes for ./Payload/ERP.app/assets/node_modules/@react-navigation/elements/lib/module/assets/search-icon@2x.png
2025-11-22 11:13:19 +0000  copying file ./Payload/ERP.app/assets/node_modules/@react-navigation/elements/lib/module/assets/clear-icon@3x.png ... 
2025-11-22 11:13:19 +0000  502 bytes for ./Payload/ERP.app/assets/node_modules/@react-navigation/elements/lib/module/assets/clear-icon@3x.png
2025-11-22 11:13:19 +0000  copying file ./Payload/ERP.app/assets/node_modules/@react-navigation/elements/lib/module/assets/back-icon.png ... 
2025-11-22 11:13:19 +0000  290 bytes for ./Payload/ERP.app/assets/node_modules/@react-navigation/elements/lib/module/assets/back-icon.png
2025-11-22 11:13:19 +0000  copying file ./Payload/ERP.app/assets/node_modules/@react-navigation/elements/lib/module/assets/clear-icon@2x.png ... 
2025-11-22 11:13:19 +0000  334 bytes for ./Payload/ERP.app/assets/node_modules/@react-navigation/elements/lib/module/assets/clear-icon@2x.png
2025-11-22 11:13:19 +0000  copying file ./Payload/ERP.app/assets/node_modules/@react-navigation/elements/lib/module/assets/search-icon@3x.png ... 
2025-11-22 11:13:19 +0000  839 bytes for ./Payload/ERP.app/assets/node_modules/@react-navigation/elements/lib/module/assets/search-icon@3x.png
2025-11-22 11:13:19 +0000  copying file ./Payload/ERP.app/assets/node_modules/@react-navigation/elements/lib/module/assets/close-icon.png ... 
2025-11-22 11:13:19 +0000  141 bytes for ./Payload/ERP.app/assets/node_modules/@react-navigation/elements/lib/module/assets/close-icon.png
2025-11-22 11:13:19 +0000  copying file ./Payload/ERP.app/assets/node_modules/@react-navigation/elements/lib/module/assets/back-icon-mask.png ... 
2025-11-22 11:13:19 +0000  653 bytes for ./Payload/ERP.app/assets/node_modules/@react-navigation/elements/lib/module/assets/back-icon-mask.png
2025-11-22 11:13:19 +0000  copying file ./Payload/ERP.app/assets/node_modules/@react-navigation/elements/lib/module/assets/close-icon@2x.png ... 
2025-11-22 11:13:19 +0000  201 bytes for ./Payload/ERP.app/assets/node_modules/@react-navigation/elements/lib/module/assets/close-icon@2x.png
2025-11-22 11:13:19 +0000  copying file ./Payload/ERP.app/assets/node_modules/@react-navigation/elements/lib/module/assets/close-icon@3x.png ... 
2025-11-22 11:13:19 +0000  266 bytes for ./Payload/ERP.app/assets/node_modules/@react-navigation/elements/lib/module/assets/close-icon@3x.png
2025-11-22 11:13:19 +0000  copying file ./Payload/ERP.app/assets/node_modules/@react-navigation/elements/lib/module/assets/clear-icon.png ... 
2025-11-22 11:13:19 +0000  220 bytes for ./Payload/ERP.app/assets/node_modules/@react-navigation/elements/lib/module/assets/clear-icon.png
2025-11-22 11:13:19 +0000  copying file ./Payload/ERP.app/assets/node_modules/@react-navigation/elements/lib/module/assets/search-icon.png ... 
2025-11-22 11:13:19 +0000  317 bytes for ./Payload/ERP.app/assets/node_modules/@react-navigation/elements/lib/module/assets/search-icon.png
2025-11-22 11:13:19 +0000  copying file ./Payload/ERP.app/assets/node_modules/react-native-calendars/src/calendar/img/previous@2x.png ... 
2025-11-22 11:13:19 +0000  458 bytes for ./Payload/ERP.app/assets/node_modules/react-native-calendars/src/calendar/img/previous@2x.png
2025-11-22 11:13:19 +0000  copying file ./Payload/ERP.app/assets/node_modules/react-native-calendars/src/calendar/img/next@2x.png ... 
2025-11-22 11:13:19 +0000  462 bytes for ./Payload/ERP.app/assets/node_modules/react-native-calendars/src/calendar/img/next@2x.png
2025-11-22 11:13:19 +0000  copying file ./Payload/ERP.app/assets/node_modules/react-native-calendars/src/img/down@3x.png ... 
2025-11-22 11:13:19 +0000  508 bytes for ./Payload/ERP.app/assets/node_modules/react-native-calendars/src/img/down@3x.png
2025-11-22 11:13:19 +0000  copying file ./Payload/ERP.app/assets/node_modules/react-native-calendars/src/img/down@2x.png ... 
2025-11-22 11:13:19 +0000  354 bytes for ./Payload/ERP.app/assets/node_modules/react-native-calendars/src/img/down@2x.png
2025-11-22 11:13:19 +0000  copying file ./Payload/ERP.app/assets/node_modules/react-native-calendars/src/img/up.png ... 
2025-11-22 11:13:19 +0000  215 bytes for ./Payload/ERP.app/assets/node_modules/react-native-calendars/src/img/up.png
2025-11-22 11:13:19 +0000  copying file ./Payload/ERP.app/assets/node_modules/react-native-calendars/src/img/down.png ... 
2025-11-22 11:13:19 +0000  208 bytes for ./Payload/ERP.app/assets/node_modules/react-native-calendars/src/img/down.png
2025-11-22 11:13:19 +0000  copying file ./Payload/ERP.app/assets/node_modules/react-native-calendars/src/img/up@2x.png ... 
2025-11-22 11:13:19 +0000  347 bytes for ./Payload/ERP.app/assets/node_modules/react-native-calendars/src/img/up@2x.png
2025-11-22 11:13:19 +0000  copying file ./Payload/ERP.app/assets/node_modules/react-native-calendars/src/img/up@3x.png ... 
2025-11-22 11:13:19 +0000  504 bytes for ./Payload/ERP.app/assets/node_modules/react-native-calendars/src/img/up@3x.png
2025-11-22 11:13:19 +0000  copying file ./Payload/ERP.app/assets/src/assets/icons/dashboard.png ... 
2025-11-22 11:13:19 +0000  767 bytes for ./Payload/ERP.app/assets/src/assets/icons/dashboard.png
2025-11-22 11:13:19 +0000  copying file ./Payload/ERP.app/assets/src/assets/icons/HRMS.png ... 
2025-11-22 11:13:19 +0000  2598 bytes for ./Payload/ERP.app/assets/src/assets/icons/HRMS.png
2025-11-22 11:13:19 +0000  copying file ./Payload/ERP.app/assets/src/assets/icons/192x192.png ... 
2025-11-22 11:13:19 +0000  5801 bytes for ./Payload/ERP.app/assets/src/assets/icons/192x192.png
2025-11-22 11:13:19 +0000  copying file ./Payload/ERP.app/assets/src/assets/icons/leads.png ... 
2025-11-22 11:13:19 +0000  2466 bytes for ./Payload/ERP.app/assets/src/assets/icons/leads.png
2025-11-22 11:13:19 +0000  copying file ./Payload/ERP.app/assets/src/assets/icons/notification.png ... 
2025-11-22 11:13:19 +0000  3534 bytes for ./Payload/ERP.app/assets/src/assets/icons/notification.png
2025-11-22 11:13:19 +0000  copying file ./Payload/ERP.app/assets/src/assets/icons/Messages.png ... 
2025-11-22 11:13:19 +0000  2820 bytes for ./Payload/ERP.app/assets/src/assets/icons/Messages.png
2025-11-22 11:13:19 +0000  copying file ./Payload/ERP.app/assets/src/assets/icons/dashicons_awards.png ... 
2025-11-22 11:13:19 +0000  3224 bytes for ./Payload/ERP.app/assets/src/assets/icons/dashicons_awards.png
2025-11-22 11:13:19 +0000  copying file ./Payload/ERP.app/Info.plist ... 
2025-11-22 11:13:19 +0000  1882 bytes for ./Payload/ERP.app/Info.plist
2025-11-22 11:13:19 +0000  copying file ./Payload/ERP.app/RNCAsyncStorage_resources.bundle/PrivacyInfo.xcprivacy ... 
2025-11-22 11:13:19 +0000  512 bytes for ./Payload/ERP.app/RNCAsyncStorage_resources.bundle/PrivacyInfo.xcprivacy
2025-11-22 11:13:19 +0000  copying file ./Payload/ERP.app/RNCAsyncStorage_resources.bundle/Info.plist ... 
2025-11-22 11:13:19 +0000  795 bytes for ./Payload/ERP.app/RNCAsyncStorage_resources.bundle/Info.plist
2025-11-22 11:13:19 +0000  copying file ./Payload/ERP.app/PkgInfo ... 
2025-11-22 11:13:19 +0000  8 bytes for ./Payload/ERP.app/PkgInfo
2025-11-22 11:13:19 +0000  copying file ./Payload/ERP.app/MaterialIcons.ttf ... 
2025-11-22 11:13:19 +0000  356840 bytes for ./Payload/ERP.app/MaterialIcons.ttf
2025-11-22 11:13:19 +0000  copying file ./Payload/ERP.app/React-Core_privacy.bundle/PrivacyInfo.xcprivacy ... 
2025-11-22 11:13:19 +0000  768 bytes for ./Payload/ERP.app/React-Core_privacy.bundle/PrivacyInfo.xcprivacy
2025-11-22 11:13:19 +0000  copying file ./Payload/ERP.app/React-Core_privacy.bundle/Info.plist ... 
2025-11-22 11:13:19 +0000  782 bytes for ./Payload/ERP.app/React-Core_privacy.bundle/Info.plist
2025-11-22 11:13:19 +0000  /usr/bin/ditto exited with 0
2025-11-22 11:13:19 +0000  Processing step: IDEDistributionAppStoreInformationStep
2025-11-22 11:13:19 +0000  Skipping step: IDEDistributionAppStoreInformationStep because it said so
2025-11-22 11:13:19 +0000  Processing step: IDEDistributionGenerateProcessedDistributionItems
2025-11-22 11:13:19 +0000  IDEDistributionItem init <DVTFilePath:0x8d181cee0:'/var/folders/lz/njyn85tj47v3n4ykmzn1qmbm0000gp/T/XcodeDistPipeline.~~~LgVUQ9/Root/Payload/ERP.app/Frameworks/hermes.framework'>
2025-11-22 11:13:19 +0000  IDEDistributionItem init <DVTFilePath:0x9067928e0:'/var/folders/lz/njyn85tj47v3n4ykmzn1qmbm0000gp/T/XcodeDistPipeline.~~~LgVUQ9/Root/Payload/ERP.app'>
2025-11-22 11:13:19 +0000  Processing step: IDEDistributionCreateManifestStep
